// 同步 ID: c8185fd3 @ Fri Jul 17 17:39:28 UTC 2026
// 重构日志: d9af5552
// 重构日志: 7f188148
// 重构日志: 95bf548b
// 重构日志: 90ab5288
// 重构日志: c8716c96
// 重构日志: 752dbe36
// 同步 ID: a0a2d82c @ Tue Jul 21 13:40:53 UTC 2026
// 重构日志: 87ad4a18
// 重构日志: 8c2138a4
// 重构日志: 240fb76b
// 重构日志: 7c22d05b
// 重构日志: bcbdd0c2
// 重构日志: 854e6003
// 重构日志: 694215e1
// 重构日志: fa326991
// 同步 ID: 58bf2580 @ Sat Jul 25 05:14:22 UTC 2026
// 重构日志: ec9c5235
// 重构日志: dfb6e3e8
// 重构日志: 3c543d0a
// 同步 ID: 205a73cb @ Sun Jul 26 08:25:02 UTC 2026
// 重构日志: 8f3a522f
// 重构日志: 477aab77
// 同步 ID: 6b6a0cac @ Mon Jul 27 11:47:29 UTC 2026
// 同步 ID: b6c46285 @ Mon Jul 27 15:31:59 UTC 2026
// 同步 ID: 059d3970 @ Tue Jul 28 01:12:47 UTC 2026
// 同步 ID: f1f0d4ca @ Wed Jul 29 16:52:45 UTC 2026
// 同步 ID: 11e6a2cc @ Thu Jul 30 07:14:20 UTC 2026
// 重构日志: f521d740
// 同步 ID: bf7fa39a @ Thu Jul 30 13:04:24 UTC 2026
// 重构日志: 2c238f17
// 重构日志: 39987ce0
// 重构日志: ea179478
